Archive member included to satisfy reference by file (symbol)

c:/ac6/systemworkbench/plugins/fr.ac6.mcu.externaltools.arm-none.win32_1.16.0.201807130628/tools/compiler/bin/../lib/gcc/arm-none-eabi/7.2.1/thumb/v7e-m/fpv4-sp/hard\libgcc.a(_arm_addsubdf3.o)
                              src/tm_stm32f4_timer_properties.o (__aeabi_ui2d)
c:/ac6/systemworkbench/plugins/fr.ac6.mcu.externaltools.arm-none.win32_1.16.0.201807130628/tools/compiler/bin/../lib/gcc/arm-none-eabi/7.2.1/thumb/v7e-m/fpv4-sp/hard\libgcc.a(_arm_muldivdf3.o)
                              src/tm_stm32f4_timer_properties.o (__aeabi_ddiv)
c:/ac6/systemworkbench/plugins/fr.ac6.mcu.externaltools.arm-none.win32_1.16.0.201807130628/tools/compiler/bin/../lib/gcc/arm-none-eabi/7.2.1/thumb/v7e-m/fpv4-sp/hard\libgcc.a(_arm_cmpdf2.o)
                              src/tm_stm32f4_timer_properties.o (__aeabi_dcmpeq)
c:/ac6/systemworkbench/plugins/fr.ac6.mcu.externaltools.arm-none.win32_1.16.0.201807130628/tools/compiler/bin/../lib/gcc/arm-none-eabi/7.2.1/thumb/v7e-m/fpv4-sp/hard\libgcc.a(_arm_fixunsdfsi.o)
                              src/tm_stm32f4_timer_properties.o (__aeabi_d2uiz)
c:/ac6/systemworkbench/plugins/fr.ac6.mcu.externaltools.arm-none.win32_1.16.0.201807130628/tools/compiler/bin/../lib/gcc/arm-none-eabi/7.2.1/../../../../arm-none-eabi/lib/thumb/v7e-m/fpv4-sp/hard\libc.a(lib_a-errno.o)
                              src/syscalls.o (__errno)
c:/ac6/systemworkbench/plugins/fr.ac6.mcu.externaltools.arm-none.win32_1.16.0.201807130628/tools/compiler/bin/../lib/gcc/arm-none-eabi/7.2.1/../../../../arm-none-eabi/lib/thumb/v7e-m/fpv4-sp/hard\libc.a(lib_a-exit.o)
                              c:/ac6/systemworkbench/plugins/fr.ac6.mcu.externaltools.arm-none.win32_1.16.0.201807130628/tools/compiler/bin/../lib/gcc/arm-none-eabi/7.2.1/../../../../arm-none-eabi/lib/thumb/v7e-m/fpv4-sp/hard/crt0.o (exit)
c:/ac6/systemworkbench/plugins/fr.ac6.mcu.externaltools.arm-none.win32_1.16.0.201807130628/tools/compiler/bin/../lib/gcc/arm-none-eabi/7.2.1/../../../../arm-none-eabi/lib/thumb/v7e-m/fpv4-sp/hard\libc.a(lib_a-impure.o)
                              c:/ac6/systemworkbench/plugins/fr.ac6.mcu.externaltools.arm-none.win32_1.16.0.201807130628/tools/compiler/bin/../lib/gcc/arm-none-eabi/7.2.1/../../../../arm-none-eabi/lib/thumb/v7e-m/fpv4-sp/hard\libc.a(lib_a-exit.o) (_global_impure_ptr)
c:/ac6/systemworkbench/plugins/fr.ac6.mcu.externaltools.arm-none.win32_1.16.0.201807130628/tools/compiler/bin/../lib/gcc/arm-none-eabi/7.2.1/../../../../arm-none-eabi/lib/thumb/v7e-m/fpv4-sp/hard\libc.a(lib_a-init.o)
                              c:/ac6/systemworkbench/plugins/fr.ac6.mcu.externaltools.arm-none.win32_1.16.0.201807130628/tools/compiler/bin/../lib/gcc/arm-none-eabi/7.2.1/../../../../arm-none-eabi/lib/thumb/v7e-m/fpv4-sp/hard/crt0.o (__libc_init_array)
c:/ac6/systemworkbench/plugins/fr.ac6.mcu.externaltools.arm-none.win32_1.16.0.201807130628/tools/compiler/bin/../lib/gcc/arm-none-eabi/7.2.1/../../../../arm-none-eabi/lib/thumb/v7e-m/fpv4-sp/hard\libc.a(lib_a-malloc.o)
                              src/tm_stm32f4_delay.o (malloc)
c:/ac6/systemworkbench/plugins/fr.ac6.mcu.externaltools.arm-none.win32_1.16.0.201807130628/tools/compiler/bin/../lib/gcc/arm-none-eabi/7.2.1/../../../../arm-none-eabi/lib/thumb/v7e-m/fpv4-sp/hard\libc.a(lib_a-mallocr.o)
                              c:/ac6/systemworkbench/plugins/fr.ac6.mcu.externaltools.arm-none.win32_1.16.0.201807130628/tools/compiler/bin/../lib/gcc/arm-none-eabi/7.2.1/../../../../arm-none-eabi/lib/thumb/v7e-m/fpv4-sp/hard\libc.a(lib_a-malloc.o) (_malloc_r)
c:/ac6/systemworkbench/plugins/fr.ac6.mcu.externaltools.arm-none.win32_1.16.0.201807130628/tools/compiler/bin/../lib/gcc/arm-none-eabi/7.2.1/../../../../arm-none-eabi/lib/thumb/v7e-m/fpv4-sp/hard\libc.a(lib_a-memset.o)
                              c:/ac6/systemworkbench/plugins/fr.ac6.mcu.externaltools.arm-none.win32_1.16.0.201807130628/tools/compiler/bin/../lib/gcc/arm-none-eabi/7.2.1/../../../../arm-none-eabi/lib/thumb/v7e-m/fpv4-sp/hard/crt0.o (memset)
c:/ac6/systemworkbench/plugins/fr.ac6.mcu.externaltools.arm-none.win32_1.16.0.201807130628/tools/compiler/bin/../lib/gcc/arm-none-eabi/7.2.1/../../../../arm-none-eabi/lib/thumb/v7e-m/fpv4-sp/hard\libc.a(lib_a-mlock.o)
                              c:/ac6/systemworkbench/plugins/fr.ac6.mcu.externaltools.arm-none.win32_1.16.0.201807130628/tools/compiler/bin/../lib/gcc/arm-none-eabi/7.2.1/../../../../arm-none-eabi/lib/thumb/v7e-m/fpv4-sp/hard\libc.a(lib_a-mallocr.o) (__malloc_lock)
c:/ac6/systemworkbench/plugins/fr.ac6.mcu.externaltools.arm-none.win32_1.16.0.201807130628/tools/compiler/bin/../lib/gcc/arm-none-eabi/7.2.1/../../../../arm-none-eabi/lib/thumb/v7e-m/fpv4-sp/hard\libc.a(lib_a-sbrkr.o)
[...]
Memory Configuration

Name             Origin             Length             Attributes
FLASH            0x08000000         0x00100000         xr
RAM              0x20000000         0x00030000         xrw
MEMORY_B1        0x60000000         0x00000000         xr
*default*        0x00000000         0xffffffff

Linker script and memory map

LOAD c:/ac6/systemworkbench/plugins/fr.ac6.mcu.externaltools.arm-none.win32_1.16.0.201807130628/tools/compiler/bin/../lib/gcc/arm-none-eabi/7.2.1/thumb/v7e-m/fpv4-sp/hard/crti.o
LOAD c:/ac6/systemworkbench/plugins/fr.ac6.mcu.externaltools.arm-none.win32_1.16.0.201807130628/tools/compiler/bin/../lib/gcc/arm-none-eabi/7.2.1/thumb/v7e-m/fpv4-sp/hard/crtbegin.o
LOAD c:/ac6/systemworkbench/plugins/fr.ac6.mcu.externaltools.arm-none.win32_1.16.0.201807130628/tools/compiler/bin/../lib/gcc/arm-none-eabi/7.2.1/../../../../arm-none-eabi/lib/thumb/v7e-m/fpv4-sp/hard/crt0.o
LOAD StdPeriph_Driver/src/misc.o
LOAD StdPeriph_Driver/src/stm32f4xx_adc.o
LOAD StdPeriph_Driver/src/stm32f4xx_can.o
LOAD StdPeriph_Driver/src/stm32f4xx_crc.o
LOAD StdPeriph_Driver/src/stm32f4xx_cryp.o
LOAD StdPeriph_Driver/src/stm32f4xx_cryp_aes.o
LOAD StdPeriph_Driver/src/stm32f4xx_cryp_des.o
LOAD StdPeriph_Driver/src/stm32f4xx_cryp_tdes.o
LOAD StdPeriph_Driver/src/stm32f4xx_dac.o
LOAD StdPeriph_Driver/src/stm32f4xx_dbgmcu.o
LOAD StdPeriph_Driver/src/stm32f4xx_dcmi.o
LOAD StdPeriph_Driver/src/stm32f4xx_dma.o
LOAD StdPeriph_Driver/src/stm32f4xx_exti.o
LOAD StdPeriph_Driver/src/stm32f4xx_flash.o
LOAD StdPeriph_Driver/src/stm32f4xx_fsmc.o
LOAD StdPeriph_Driver/src/stm32f4xx_gpio.o
LOAD StdPeriph_Driver/src/stm32f4xx_hash.o
LOAD StdPeriph_Driver/src/stm32f4xx_hash_md5.o
LOAD StdPeriph_Driver/src/stm32f4xx_hash_sha1.o
LOAD StdPeriph_Driver/src/stm32f4xx_i2c.o
LOAD StdPeriph_Driver/src/stm32f4xx_iwdg.o
LOAD StdPeriph_Driver/src/stm32f4xx_pwr.o
LOAD StdPeriph_Driver/src/stm32f4xx_rcc.o
LOAD StdPeriph_Driver/src/stm32f4xx_rng.o
LOAD StdPeriph_Driver/src/stm32f4xx_rtc.o
LOAD StdPeriph_Driver/src/stm32f4xx_sdio.o
LOAD StdPeriph_Driver/src/stm32f4xx_spi.o
LOAD StdPeriph_Driver/src/stm32f4xx_syscfg.o
LOAD StdPeriph_Driver/src/stm32f4xx_tim.o
LOAD StdPeriph_Driver/src/stm32f4xx_usart.o
LOAD StdPeriph_Driver/src/stm32f4xx_wwdg.o
LOAD Utilities/stm32f4_discovery.o
LOAD Utilities/stm32f4_discovery_lis302dl.o
LOAD src/main.o
LOAD src/syscalls.o
LOAD src/system_stm32f4xx.o
LOAD src/tm_stm32f4_delay.o
LOAD src/tm_stm32f4_gpio.o
LOAD src/tm_stm32f4_hd44780.o
LOAD src/tm_stm32f4_timer_properties.o
LOAD startup/startup_stm32f4xx.o
LOAD c:/ac6/systemworkbench/plugins/fr.ac6.mcu.externaltools.arm-none.win32_1.16.0.201807130628/tools/compiler/bin/../lib/gcc/arm-none-eabi/7.2.1/../../../../arm-none-eabi/lib/thumb/v7e-m/fpv4-sp/hard\libm.a
START GROUP
LOAD c:/ac6/systemworkbench/plugins/fr.ac6.mcu.externaltools.arm-none.win32_1.16.0.201807130628/tools/compiler/bin/../lib/gcc/arm-none-eabi/7.2.1/thumb/v7e-m/fpv4-sp/hard\libgcc.a
LOAD c:/ac6/systemworkbench/plugins/fr.ac6.mcu.externaltools.arm-none.win32_1.16.0.201807130628/tools/compiler/bin/../lib/gcc/arm-none-eabi/7.2.1/../../../../arm-none-eabi/lib/thumb/v7e-m/fpv4-sp/hard\libc.a
END GROUP
LOAD c:/ac6/systemworkbench/plugins/fr.ac6.mcu.externaltools.arm-none.win32_1.16.0.201807130628/tools/compiler/bin/../lib/gcc/arm-none-eabi/7.2.1/thumb/v7e-m/fpv4-sp/hard/crtend.o
LOAD c:/ac6/systemworkbench/plugins/fr.ac6.mcu.externaltools.arm-none.win32_1.16.0.201807130628/tools/compiler/bin/../lib/gcc/arm-none-eabi/7.2.1/thumb/v7e-m/fpv4-sp/hard/crtn.o
                0x20020000                _estack = 0x20020000
                0x00000000                _Min_Heap_Size = 0x0
                0x00000400                _Min_Stack_Size = 0x400

.isr_vector     0x08000000      0x188
                0x08000000                . = ALIGN (0x4)
 *(.isr_vector)
 .isr_vector    0x08000000      0x188 startup/startup_stm32f4xx.o
                0x08000000                g_pfnVectors
                0x08000188                . = ALIGN (0x4)

.text           0x08000188     0x2f9c
                0x08000188                . = ALIGN (0x4)
 *(.text)
 .text          0x08000188       0x40 c:/ac6/systemworkbench/plugins/fr.ac6.mcu.externaltools.arm-none.win32_1.16.0.201807130628/tools/compiler/bin/../lib/gcc/arm-none-eabi/7.2.1/thumb/v7e-m/fpv4-sp/hard/crtbegin.o
 *(.text*)
 .text.NVIC_Init
                0x080001c8       0xc4 StdPeriph_Driver/src/misc.o
                0x080001c8                NVIC_Init
 .text.GPIO_Init
                0x0800028c      0x11c StdPeriph_Driver/src/stm32f4xx_gpio.o
                0x0800028c                GPIO_Init
 .text.GPIO_ReadInputDataBit
                0x080003a8       0x34 StdPeriph_Driver/src/stm32f4xx_gpio.o
                0x080003a8                GPIO_ReadInputDataBit
 .text.GPIO_SetBits
                0x080003dc       0x1e StdPeriph_Driver/src/stm32f4xx_gpio.o
                0x080003dc                GPIO_SetBits
 .text.GPIO_ResetBits
                0x080003fa       0x1e StdPeriph_Driver/src/stm32f4xx_gpio.o
                0x080003fa                GPIO_ResetBits
 .text.GPIO_ToggleBits
                0x08000418       0x24 StdPeriph_Driver/src/stm32f4xx_gpio.o
                0x08000418                GPIO_ToggleBits
 .text.GPIO_PinAFConfig
                0x0800043c       0x92 StdPeriph_Driver/src/stm32f4xx_gpio.o
                0x0800043c                GPIO_PinAFConfig
 *fill*         0x080004ce        0x2 
 .text.RCC_AHB1PeriphClockCmd
                0x080004d0       0x40 StdPeriph_Driver/src/stm32f4xx_rcc.o
                0x080004d0                RCC_AHB1PeriphClockCmd
 .text.RCC_APB1PeriphClockCmd
                0x08000510       0x40 StdPeriph_Driver/src/stm32f4xx_rcc.o
                0x08000510                RCC_APB1PeriphClockCmd
 .text.TIM_TimeBaseInit
                0x08000550       0xd8 StdPeriph_Driver/src/stm32f4xx_tim.o
                0x08000550                TIM_TimeBaseInit
 .text.TIM_Cmd  0x08000628       0x40 StdPeriph_Driver/src/stm32f4xx_tim.o
                0x08000628                TIM_Cmd
 .text.TIM_OC1Init
                0x08000668       0xf4 StdPeriph_Driver/src/stm32f4xx_tim.o
                0x08000668                TIM_OC1Init
 .text.TIM_OC3Init
                0x0800075c      0x10c StdPeriph_Driver/src/stm32f4xx_tim.o
                0x0800075c                TIM_OC3Init
 .text.TIM_OC4Init
                0x08000868       0xd0 StdPeriph_Driver/src/stm32f4xx_tim.o
                0x08000868                TIM_OC4Init
 .text.TIM_OC1PreloadConfig
                0x08000938       0x38 StdPeriph_Driver/src/stm32f4xx_tim.o
                0x08000938                TIM_OC1PreloadConfig
 .text.TIM_OC3PreloadConfig
                0x08000970       0x38 StdPeriph_Driver/src/stm32f4xx_tim.o
                0x08000970                TIM_OC3PreloadConfig
 .text.TIM_OC4PreloadConfig
                0x080009a8       0x3c StdPeriph_Driver/src/stm32f4xx_tim.o
                0x080009a8                TIM_OC4PreloadConfig
 .text.TIM_ITConfig
                0x080009e4       0x48 StdPeriph_Driver/src/stm32f4xx_tim.o
                0x080009e4                TIM_ITConfig
 .text.TIM_GetFlagStatus
                0x08000a2c       0x38 StdPeriph_Driver/src/stm32f4xx_tim.o
                0x08000a2c                TIM_GetFlagStatus
 .text.TIM_ClearFlag
                0x08000a64       0x22 StdPeriph_Driver/src/stm32f4xx_tim.o
                0x08000a64                TIM_ClearFlag
 .text.TIM_GetITStatus
                0x08000a86       0x54 StdPeriph_Driver/src/stm32f4xx_tim.o
                0x08000a86                TIM_GetITStatus
 .text.TIM_ClearITPendingBit
                0x08000ada       0x22 StdPeriph_Driver/src/stm32f4xx_tim.o
                0x08000ada                TIM_ClearITPendingBit
 .text.Delayms  0x08000afc       0x58 src/main.o
 .text.LED_init
                0x08000b54       0x3c src/main.o
                0x08000b54                LED_init
 .text.TIM5_init
                0x08000b90       0x4c src/main.o
                0x08000b90                TIM5_init
 .text.TIM4_init
                0x08000bdc       0x38 src/main.o
                0x08000bdc                TIM4_init
 .text.TIM4_NVIC_Config
                0x08000c14       0x3c src/main.o
                0x08000c14                TIM4_NVIC_Config
 .text.TIM4_IRQHandler
                0x08000c50       0x30 src/main.o
                0x08000c50                TIM4_IRQHandler
 .text.Guzik_init
                0x08000c80       0x3c src/main.o
                0x08000c80                Guzik_init
 .text.waitKey  0x08000cbc      0x230 src/main.o
                0x08000cbc                waitKey
 .text.keypadAndBuzzerOut_init
                0x08000eec       0x3c src/main.o
                0x08000eec                keypadAndBuzzerOut_init
 .text.insertPin
                0x08000f28      0x168 src/main.o
                0x08000f28                insertPin
 .text.zmianaPinu
                0x08001090      0x248 src/main.o
                0x08001090                zmianaPinu
 .text.testPrzerwyTimer2
                0x080012d8      0x304 src/main.o
                0x080012d8                testPrzerwyTimer2
 .text.TIM2_init
                0x080015dc       0x36 src/main.o
                0x080015dc                TIM2_init
 .text.TIM2_NVIC_Config
                0x08001612       0x3c src/main.o
                0x08001612                TIM2_NVIC_Config
 *fill*         0x0800164e        0x2 
 .text.TIM2_IRQHandler
                0x08001650      0x118 src/main.o
                0x08001650                TIM2_IRQHandler
 .text.TIM3_init
                0x08001768       0x38 src/main.o
                0x08001768                TIM3_init
 .text.TIM3_NVIC_Config
                0x080017a0       0x3c src/main.o
                0x080017a0                TIM3_NVIC_Config
 .text.RGB_init
                0x080017dc       0xec src/main.o
                0x080017dc                RGB_init
 .text.setRGBColours
                0x080018c8       0x30 src/main.o
                0x080018c8                setRGBColours
 .text.main     0x080018f8      0x320 src/main.o
                0x080018f8                main
 .text._sbrk    0x08001c18       0x58 src/syscalls.o
                0x08001c18                _sbrk
 .text.SystemInit
                0x08001c70       0x5c src/system_stm32f4xx.o
                0x08001c70                SystemInit
 .text.SetSysClock
                0x08001ccc      0x128 src/system_stm32f4xx.o
 .text.NVIC_SetPriority
                0x08001df4       0x54 src/tm_stm32f4_delay.o
 .text.SysTick_Config
                0x08001e48       0x44 src/tm_stm32f4_delay.o
 .text.SysTick_Handler
                0x08001e8c       0xf0 src/tm_stm32f4_delay.o
                0x08001e8c                SysTick_Handler
 .text.TM_DELAY_Init
                0x08001f7c       0x50 src/tm_stm32f4_delay.o
                0x08001f7c                TM_DELAY_Init
 .text.TM_GPIO_Init
                0x08001fcc       0x46 src/tm_stm32f4_gpio.o
                0x08001fcc                TM_GPIO_Init
 .text.TM_GPIO_GetPortSource
                0x08002012       0x22 src/tm_stm32f4_gpio.o
                0x08002012                TM_GPIO_GetPortSource
 .text.TM_GPIO_INT_EnableClock
                0x08002034       0x30 src/tm_stm32f4_gpio.o
                0x08002034                TM_GPIO_INT_EnableClock
 .text.TM_GPIO_INT_Init
                0x08002064      0x10c src/tm_stm32f4_gpio.o
                0x08002064                TM_GPIO_INT_Init
 .text.Delay    0x08002170       0x5c src/tm_stm32f4_hd44780.o
 .text.TM_HD44780_Init
                0x080021cc       0xd0 src/tm_stm32f4_hd44780.o
                0x080021cc                TM_HD44780_Init
 .text.TM_HD44780_Clear
                0x0800229c       0x16 src/tm_stm32f4_hd44780.o
                0x0800229c                TM_HD44780_Clear
 *fill*         0x080022b2        0x2 
 .text.TM_HD44780_Puts
                0x080022b4       0xb8 src/tm_stm32f4_hd44780.o
                0x080022b4                TM_HD44780_Puts
 .text.TM_HD44780_DisplayOn
                0x0800236c       0x2c src/tm_stm32f4_hd44780.o
                0x0800236c                TM_HD44780_DisplayOn
 .text.TM_HD44780_BlinkOn
                0x08002398       0x2c src/tm_stm32f4_hd44780.o
                0x08002398                TM_HD44780_BlinkOn
 .text.TM_HD44780_BlinkOff
                0x080023c4       0x2c src/tm_stm32f4_hd44780.o
                0x080023c4                TM_HD44780_BlinkOff
 .text.TM_HD44780_CursorOn
                0x080023f0       0x2c src/tm_stm32f4_hd44780.o
                0x080023f0                TM_HD44780_CursorOn
 .text.TM_HD44780_CursorOff
                0x0800241c       0x2c src/tm_stm32f4_hd44780.o
                0x0800241c                TM_HD44780_CursorOff
 .text.TM_HD44780_Cmd
                0x08002448       0x38 src/tm_stm32f4_hd44780.o
 .text.TM_HD44780_Data
                0x08002480       0x38 src/tm_stm32f4_hd44780.o
 .text.TM_HD44780_Cmd4bit
                0x080024b8       0xa4 src/tm_stm32f4_hd44780.o
 .text.TM_HD44780_CursorSet
                0x0800255c       0x64 src/tm_stm32f4_hd44780.o
 .text.TM_HD44780_InitPins
                0x080025c0       0xc0 src/tm_stm32f4_hd44780.o
 .text.Reset_Handler
                0x08002680       0x48 startup/startup_stm32f4xx.o
                0x08002680                Reset_Handler
 .text.Default_Handler
                0x080026c8        0x2 startup/startup_stm32f4xx.o
                0x080026c8                RTC_Alarm_IRQHandler
                0x080026c8                HASH_RNG_IRQHandler
                0x080026c8                EXTI2_IRQHandler
                0x080026c8                TIM8_CC_IRQHandler
                0x080026c8                DebugMon_Handler
                0x080026c8                TIM1_CC_IRQHandler
                0x080026c8                DMA2_Stream5_IRQHandler
                0x080026c8                HardFault_Handler
                0x080026c8                DMA1_Stream5_IRQHandler
                0x080026c8                PVD_IRQHandler
                0x080026c8                SDIO_IRQHandler
                0x080026c8                TAMP_STAMP_IRQHandler
                0x080026c8                PendSV_Handler
                0x080026c8                NMI_Handler
                0x080026c8                CAN2_RX1_IRQHandler
                0x080026c8                EXTI3_IRQHandler
                0x080026c8                TIM8_TRG_COM_TIM14_IRQHandler
                0x080026c8                TIM1_UP_TIM10_IRQHandler
                0x080026c8                TIM8_UP_TIM13_IRQHandler
                0x080026c8                I2C3_ER_IRQHandler
                0x080026c8                EXTI0_IRQHandler
                0x080026c8                I2C2_EV_IRQHandler
                0x080026c8                DMA1_Stream2_IRQHandler
                0x080026c8                CAN1_RX0_IRQHandler
                0x080026c8                FPU_IRQHandler
                0x080026c8                OTG_HS_WKUP_IRQHandler
                0x080026c8                UsageFault_Handler
                0x080026c8                CAN2_SCE_IRQHandler
                0x080026c8                DMA2_Stream2_IRQHandler
                0x080026c8                SPI1_IRQHandler
                0x080026c8                TIM6_DAC_IRQHandler
                0x080026c8                TIM1_BRK_TIM9_IRQHandler
                0x080026c8                DCMI_IRQHandler
                0x080026c8                CAN2_RX0_IRQHandler
                0x080026c8                DMA2_Stream3_IRQHandler
                0x080026c8                USART6_IRQHandler
                0x080026c8                USART3_IRQHandler
                0x080026c8                CRYP_IRQHandler
                0x080026c8                CAN1_RX1_IRQHandler
                0x080026c8                UART5_IRQHandler
                0x080026c8                DMA2_Stream0_IRQHandler
                0x080026c8                I2C1_EV_IRQHandler
                0x080026c8                DMA1_Stream6_IRQHandler
                0x080026c8                DMA1_Stream1_IRQHandler
                0x080026c8                UART4_IRQHandler
                0x080026c8                TIM3_IRQHandler
                0x080026c8                RCC_IRQHandler
                0x080026c8                TIM8_BRK_TIM12_IRQHandler
                0x080026c8                Default_Handler
                0x080026c8                EXTI15_10_IRQHandler
                0x080026c8                ADC_IRQHandler
                0x080026c8                DMA1_Stream7_IRQHandler
                0x080026c8                TIM7_IRQHandler
                0x080026c8                CAN2_TX_IRQHandler
                0x080026c8                TIM5_IRQHandler
                0x080026c8                DMA2_Stream7_IRQHandler
                0x080026c8                I2C3_EV_IRQHandler
                0x080026c8                EXTI9_5_IRQHandler
                0x080026c8                RTC_WKUP_IRQHandler
                0x080026c8                ETH_WKUP_IRQHandler
                0x080026c8                SPI2_IRQHandler
                0x080026c8                OTG_HS_EP1_IN_IRQHandler
                0x080026c8                MemManage_Handler
                0x080026c8                DMA1_Stream0_IRQHandler
                0x080026c8                CAN1_TX_IRQHandler
                0x080026c8                SVC_Handler
                0x080026c8                EXTI4_IRQHandler
                0x080026c8                FSMC_IRQHandler
                0x080026c8                ETH_IRQHandler
                0x080026c8                OTG_HS_EP1_OUT_IRQHandler
                0x080026c8                WWDG_IRQHandler
                0x080026c8                OTG_FS_WKUP_IRQHandler
                0x080026c8                TIM1_TRG_COM_TIM11_IRQHandler
                0x080026c8                OTG_HS_IRQHandler
                0x080026c8                EXTI1_IRQHandler
                0x080026c8                USART2_IRQHandler
                0x080026c8                I2C2_ER_IRQHandler
                0x080026c8                DMA2_Stream1_IRQHandler
                0x080026c8                CAN1_SCE_IRQHandler
                0x080026c8                FLASH_IRQHandler
                0x080026c8                DMA2_Stream4_IRQHandler
                0x080026c8                BusFault_Handler
                0x080026c8                USART1_IRQHandler
                0x080026c8                OTG_FS_IRQHandler
                0x080026c8                SPI3_IRQHandler
                0x080026c8                DMA1_Stream4_IRQHandler
                0x080026c8                I2C1_ER_IRQHandler
                0x080026c8                DMA2_Stream6_IRQHandler
                0x080026c8                DMA1_Stream3_IRQHandler
 *fill*         0x080026ca        0x2 
 .text.__errno  0x080026cc        0xc c:/ac6/systemworkbench/plugins/fr.ac6.mcu.externaltools.arm-none.win32_1.16.0.201807130628/tools/compiler/bin/../lib/gcc/arm-none-eabi/7.2.1/../../../../arm-none-eabi/lib/thumb/v7e-m/fpv4-sp/hard\libc.a(lib_a-errno.o)
                0x080026cc                __errno
 .text.__libc_init_array
                0x080026d8       0x48 c:/ac6/systemworkbench/plugins/fr.ac6.mcu.externaltools.arm-none.win32_1.16.0.201807130628/tools/compiler/bin/../lib/gcc/arm-none-eabi/7.2.1/../../../../arm-none-eabi/lib/thumb/v7e-m/fpv4-sp/hard\libc.a(lib_a-init.o)
                0x080026d8                __libc_init_array
 .text.malloc   0x08002720       0x10 c:/ac6/systemworkbench/plugins/fr.ac6.mcu.externaltools.arm-none.win32_1.16.0.201807130628/tools/compiler/bin/../lib/gcc/arm-none-eabi/7.2.1/../../../../arm-none-eabi/lib/thumb/v7e-m/fpv4-sp/hard\libc.a(lib_a-malloc.o)
                0x08002720                malloc
 .text._malloc_r
                0x08002730      0x548 c:/ac6/systemworkbench/plugins/fr.ac6.mcu.externaltools.arm-none.win32_1.16.0.201807130628/tools/compiler/bin/../lib/gcc/arm-none-eabi/7.2.1/../../../../arm-none-eabi/lib/thumb/v7e-m/fpv4-sp/hard\libc.a(lib_a-mallocr.o)
                0x08002730                _malloc_r
 .text.__malloc_lock
                0x08002c78        0xc c:/ac6/systemworkbench/plugins/fr.ac6.mcu.externaltools.arm-none.win32_1.16.0.201807130628/tools/compiler/bin/../lib/gcc/arm-none-eabi/7.2.1/../../../../arm-none-eabi/lib/thumb/v7e-m/fpv4-sp/hard\libc.a(lib_a-mlock.o)
                0x08002c78                __malloc_lock
 .text.__malloc_unlock
                0x08002c84        0xc c:/ac6/systemworkbench/plugins/fr.ac6.mcu.externaltools.arm-none.win32_1.16.0.201807130628/tools/compiler/bin/../lib/gcc/arm-none-eabi/7.2.1/../../../../arm-none-eabi/lib/thumb/v7e-m/fpv4-sp/hard\libc.a(lib_a-mlock.o)
                0x08002c84                __malloc_unlock
 .text._sbrk_r  0x08002c90       0x24 c:/ac6/systemworkbench/plugins/fr.ac6.mcu.externaltools.arm-none.win32_1.16.0.201807130628/tools/compiler/bin/../lib/gcc/arm-none-eabi/7.2.1/../../../../arm-none-eabi/lib/thumb/v7e-m/fpv4-sp/hard\libc.a(lib_a-sbrkr.o)
                0x08002c90                _sbrk_r
 .text.startup.register_fini
                0x08002cb4       0x14 c:/ac6/systemworkbench/plugins/fr.ac6.mcu.externaltools.arm-none.win32_1.16.0.201807130628/tools/compiler/bin/../lib/gcc/arm-none-eabi/7.2.1/../../../../arm-none-eabi/lib/thumb/v7e-m/fpv4-sp/hard\libc.a(lib_a-__call_atexit.o)
 .text.atexit   0x08002cc8        0xc c:/ac6/systemworkbench/plugins/fr.ac6.mcu.externaltools.arm-none.win32_1.16.0.201807130628/tools/compiler/bin/../lib/gcc/arm-none-eabi/7.2.1/../../../../arm-none-eabi/lib/thumb/v7e-m/fpv4-sp/hard\libc.a(lib_a-atexit.o)
                0x08002cc8                atexit
 .text.__libc_fini_array
                0x08002cd4       0x34 c:/ac6/systemworkbench/plugins/fr.ac6.mcu.externaltools.arm-none.win32_1.16.0.201807130628/tools/compiler/bin/../lib/gcc/arm-none-eabi/7.2.1/../../../../arm-none-eabi/lib/thumb/v7e-m/fpv4-sp/hard\libc.a(lib_a-fini.o)
                0x08002cd4                __libc_fini_array
 .text._malloc_trim_r
                0x08002d08       0xa0 c:/ac6/systemworkbench/plugins/fr.ac6.mcu.externaltools.arm-none.win32_1.16.0.201807130628/tools/compiler/bin/../lib/gcc/arm-none-eabi/7.2.1/../../../../arm-none-eabi/lib/thumb/v7e-m/fpv4-sp/hard\libc.a(lib_a-freer.o)
                0x08002d08                _malloc_trim_r
 .text._free_r  0x08002da8      0x1e8 c:/ac6/systemworkbench/plugins/fr.ac6.mcu.externaltools.arm-none.win32_1.16.0.201807130628/tools/compiler/bin/../lib/gcc/arm-none-eabi/7.2.1/../../../../arm-none-eabi/lib/thumb/v7e-m/fpv4-sp/hard\libc.a(lib_a-freer.o)
                0x08002da8                _free_r
 .text.__retarget_lock_acquire_recursive
                0x08002f90        0x4 c:/ac6/systemworkbench/plugins/fr.ac6.mcu.externaltools.arm-none.win32_1.16.0.201807130628/tools/compiler/bin/../lib/gcc/arm-none-eabi/7.2.1/../../../../arm-none-eabi/lib/thumb/v7e-m/fpv4-sp/hard\libc.a(lib_a-lock.o)
                0x08002f90                __retarget_lock_acquire_recursive
 .text.__retarget_lock_release_recursive
                0x08002f94        0x4 c:/ac6/systemworkbench/plugins/fr.ac6.mcu.externaltools.arm-none.win32_1.16.0.201807130628/tools/compiler/bin/../lib/gcc/arm-none-eabi/7.2.1/../../../../arm-none-eabi/lib/thumb/v7e-m/fpv4-sp/hard\libc.a(lib_a-lock.o)
                0x08002f94                __retarget_lock_release_recursive
 .text.__register_exitproc
                0x08002f98       0xc0 c:/ac6/systemworkbench/plugins/fr.ac6.mcu.externaltools.arm-none.win32_1.16.0.201807130628/tools/compiler/bin/../lib/gcc/arm-none-eabi/7.2.1/../../../../arm-none-eabi/lib/thumb/v7e-m/fpv4-sp/hard\libc.a(lib_a-__atexit.o)
                0x08002f98                __register_exitproc
 *(.rodata)
 .rodata        0x08003058       0xaa src/main.o
 *fill*         0x08003102        0x2 
 .rodata        0x08003104        0x4 src/tm_stm32f4_hd44780.o
 *(.rodata*)
 .rodata._global_impure_ptr
                0x08003108        0x4 c:/ac6/systemworkbench/plugins/fr.ac6.mcu.externaltools.arm-none.win32_1.16.0.201807130628/tools/compiler/bin/../lib/gcc/arm-none-eabi/7.2.1/../../../../arm-none-eabi/lib/thumb/v7e-m/fpv4-sp/hard\libc.a(lib_a-impure.o)
                0x08003108                _global_impure_ptr
 *(.glue_7)
 .glue_7        0x0800310c        0x0 linker stubs
 *(.glue_7t)
 .glue_7t       0x0800310c        0x0 linker stubs
 *(.eh_frame)
 .eh_frame      0x0800310c        0x0 c:/ac6/systemworkbench/plugins/fr.ac6.mcu.externaltools.arm-none.win32_1.16.0.201807130628/tools/compiler/bin/../lib/gcc/arm-none-eabi/7.2.1/thumb/v7e-m/fpv4-sp/hard/crtbegin.o
 *(.init)
 .init          0x0800310c        0x4 c:/ac6/systemworkbench/plugins/fr.ac6.mcu.externaltools.arm-none.win32_1.16.0.201807130628/tools/compiler/bin/../lib/gcc/arm-none-eabi/7.2.1/thumb/v7e-m/fpv4-sp/hard/crti.o
                0x0800310c                _init
 .init          0x08003110        0x8 c:/ac6/systemworkbench/plugins/fr.ac6.mcu.externaltools.arm-none.win32_1.16.0.201807130628/tools/compiler/bin/../lib/gcc/arm-none-eabi/7.2.1/thumb/v7e-m/fpv4-sp/hard/crtn.o
 *(.fini)
 .fini          0x08003118        0x4 c:/ac6/systemworkbench/plugins/fr.ac6.mcu.externaltools.arm-none.win32_1.16.0.201807130628/tools/compiler/bin/../lib/gcc/arm-none-eabi/7.2.1/thumb/v7e-m/fpv4-sp/hard/crti.o
                0x08003118                _fini
 .fini          0x0800311c        0x8 c:/ac6/systemworkbench/plugins/fr.ac6.mcu.externaltools.arm-none.win32_1.16.0.201807130628/tools/compiler/bin/../lib/gcc/arm-none-eabi/7.2.1/thumb/v7e-m/fpv4-sp/hard/crtn.o
                0x08003124                . = ALIGN (0x4)
                0x08003124                _etext = .

.vfp11_veneer   0x08003124        0x0
 .vfp11_veneer  0x08003124        0x0 linker stubs

.v4_bx          0x08003124        0x0
 .v4_bx         0x08003124        0x0 linker stubs

.iplt           0x08003124        0x0
 .iplt          0x08003124        0x0 c:/ac6/systemworkbench/plugins/fr.ac6.mcu.externaltools.arm-none.win32_1.16.0.201807130628/tools/compiler/bin/../lib/gcc/arm-none-eabi/7.2.1/thumb/v7e-m/fpv4-sp/hard/crtbegin.o

.rel.dyn        0x08003124        0x0
 .rel.iplt      0x08003124        0x0 c:/ac6/systemworkbench/plugins/fr.ac6.mcu.externaltools.arm-none.win32_1.16.0.201807130628/tools/compiler/bin/../lib/gcc/arm-none-eabi/7.2.1/thumb/v7e-m/fpv4-sp/hard/crtbegin.o

.ARM.extab
 *(.ARM.extab* .gnu.linkonce.armextab.*)

.ARM            0x08003124        0x0
                0x08003124                __exidx_start = .
 *(.ARM.exidx*)
                0x08003124                __exidx_end = .

.preinit_array  0x08003124        0x0
                0x08003124                PROVIDE (__preinit_array_start, .)
 *(.preinit_array*)
                0x08003124                PROVIDE (__preinit_array_end, .)

.init_array     0x08003124        0x8
                0x08003124                PROVIDE (__init_array_start, .)
 *(SORT_BY_NAME(.init_array.*))
 .init_array.00000
                0x08003124        0x4 c:/ac6/systemworkbench/plugins/fr.ac6.mcu.externaltools.arm-none.win32_1.16.0.201807130628/tools/compiler/bin/../lib/gcc/arm-none-eabi/7.2.1/../../../../arm-none-eabi/lib/thumb/v7e-m/fpv4-sp/hard\libc.a(lib_a-__call_atexit.o)
 *(.init_array*)
 .init_array    0x08003128        0x4 c:/ac6/systemworkbench/plugins/fr.ac6.mcu.externaltools.arm-none.win32_1.16.0.201807130628/tools/compiler/bin/../lib/gcc/arm-none-eabi/7.2.1/thumb/v7e-m/fpv4-sp/hard/crtbegin.o
                0x0800312c                PROVIDE (__init_array_end, .)

.fini_array     0x0800312c        0x4
                0x0800312c                PROVIDE (__fini_array_start, .)
 *(.fini_array*)
 .fini_array    0x0800312c        0x4 c:/ac6/systemworkbench/plugins/fr.ac6.mcu.externaltools.arm-none.win32_1.16.0.201807130628/tools/compiler/bin/../lib/gcc/arm-none-eabi/7.2.1/thumb/v7e-m/fpv4-sp/hard/crtbegin.o
 *(SORT_BY_NAME(.fini_array.*))
                0x08003130                PROVIDE (__fini_array_end, .)
                0x08003130                _sidata = .

.data           0x20000000      0x854 load address 0x08003130
                0x20000000                . = ALIGN (0x4)
                0x20000000                _sdata = .
 *(.data)
 .data          0x20000000       0x14 src/system_stm32f4xx.o
                0x20000000                SystemCoreClock
                0x20000004                AHBPrescTable
 *(.data*)
 .data._impure_ptr
                0x20000014        0x4 c:/ac6/systemworkbench/plugins/fr.ac6.mcu.externaltools.arm-none.win32_1.16.0.201807130628/tools/compiler/bin/../lib/gcc/arm-none-eabi/7.2.1/../../../../arm-none-eabi/lib/thumb/v7e-m/fpv4-sp/hard\libc.a(lib_a-impure.o)
                0x20000014                _impure_ptr
 .data.impure_data
                0x20000018      0x428 c:/ac6/systemworkbench/plugins/fr.ac6.mcu.externaltools.arm-none.win32_1.16.0.201807130628/tools/compiler/bin/../lib/gcc/arm-none-eabi/7.2.1/../../../../arm-none-eabi/lib/thumb/v7e-m/fpv4-sp/hard\libc.a(lib_a-impure.o)
 .data.__malloc_av_
                0x20000440      0x408 c:/ac6/systemworkbench/plugins/fr.ac6.mcu.externaltools.arm-none.win32_1.16.0.201807130628/tools/compiler/bin/../lib/gcc/arm-none-eabi/7.2.1/../../../../arm-none-eabi/lib/thumb/v7e-m/fpv4-sp/hard\libc.a(lib_a-mallocr.o)
                0x20000440                __malloc_av_
 .data.__malloc_sbrk_base
                0x20000848        0x4 c:/ac6/systemworkbench/plugins/fr.ac6.mcu.externaltools.arm-none.win32_1.16.0.201807130628/tools/compiler/bin/../lib/gcc/arm-none-eabi/7.2.1/../../../../arm-none-eabi/lib/thumb/v7e-m/fpv4-sp/hard\libc.a(lib_a-mallocr.o)
                0x20000848                __malloc_sbrk_base
 .data.__malloc_trim_threshold
                0x2000084c        0x4 c:/ac6/systemworkbench/plugins/fr.ac6.mcu.externaltools.arm-none.win32_1.16.0.201807130628/tools/compiler/bin/../lib/gcc/arm-none-eabi/7.2.1/../../../../arm-none-eabi/lib/thumb/v7e-m/fpv4-sp/hard\libc.a(lib_a-mallocr.o)
                0x2000084c                __malloc_trim_threshold
 .data.__atexit_recursive_mutex
                0x20000850        0x4 c:/ac6/systemworkbench/plugins/fr.ac6.mcu.externaltools.arm-none.win32_1.16.0.201807130628/tools/compiler/bin/../lib/gcc/arm-none-eabi/7.2.1/../../../../arm-none-eabi/lib/thumb/v7e-m/fpv4-sp/hard\libc.a(lib_a-__call_atexit.o)
                0x20000850                __atexit_recursive_mutex
                0x20000854                . = ALIGN (0x4)
                0x20000854                _edata = .

.igot.plt       0x20000854        0x0 load address 0x08003984
 .igot.plt      0x20000854        0x0 c:/ac6/systemworkbench/plugins/fr.ac6.mcu.externaltools.arm-none.win32_1.16.0.201807130628/tools/compiler/bin/../lib/gcc/arm-none-eabi/7.2.1/thumb/v7e-m/fpv4-sp/hard/crtbegin.o
                0x20000854                . = ALIGN (0x4)

.bss            0x20000854       0xe0 load address 0x08003984
                0x20000854                _sbss = .
                0x20000854                __bss_start__ = _sbss
 *(.bss)
 .bss           0x20000854       0x1c c:/ac6/systemworkbench/plugins/fr.ac6.mcu.externaltools.arm-none.win32_1.16.0.201807130628/tools/compiler/bin/../lib/gcc/arm-none-eabi/7.2.1/thumb/v7e-m/fpv4-sp/hard/crtbegin.o
 .bss           0x20000870        0x8 src/syscalls.o
                0x20000870                __env
 .bss           0x20000878       0x28 src/tm_stm32f4_delay.o
                0x20000878                TM_TimingDelay
                0x2000087c                TM_Time
                0x20000880                TM_Time2
                0x20000884                TM_DELAY_Initialized
 .bss           0x200008a0       0x16 src/tm_stm32f4_gpio.o
 *fill*         0x200008b6        0x2 
 .bss           0x200008b8        0x7 src/tm_stm32f4_hd44780.o
 *(.bss*)
 *fill*         0x200008bf        0x1 
 .bss.__malloc_current_mallinfo
                0x200008c0       0x28 c:/ac6/systemworkbench/plugins/fr.ac6.mcu.externaltools.arm-none.win32_1.16.0.201807130628/tools/compiler/bin/../lib/gcc/arm-none-eabi/7.2.1/../../../../arm-none-eabi/lib/thumb/v7e-m/fpv4-sp/hard\libc.a(lib_a-mallocr.o)
                0x200008c0                __malloc_current_mallinfo
 .bss.__malloc_max_sbrked_mem
                0x200008e8        0x4 c:/ac6/systemworkbench/plugins/fr.ac6.mcu.externaltools.arm-none.win32_1.16.0.201807130628/tools/compiler/bin/../lib/gcc/arm-none-eabi/7.2.1/../../../../arm-none-eabi/lib/thumb/v7e-m/fpv4-sp/hard\libc.a(lib_a-mallocr.o)
                0x200008e8                __malloc_max_sbrked_mem
 .bss.__malloc_max_total_mem
                0x200008ec        0x4 c:/ac6/systemworkbench/plugins/fr.ac6.mcu.externaltools.arm-none.win32_1.16.0.201807130628/tools/compiler/bin/../lib/gcc/arm-none-eabi/7.2.1/../../../../arm-none-eabi/lib/thumb/v7e-m/fpv4-sp/hard\libc.a(lib_a-mallocr.o)
                0x200008ec                __malloc_max_total_mem
 .bss.__malloc_top_pad
                0x200008f0        0x4 c:/ac6/systemworkbench/plugins/fr.ac6.mcu.externaltools.arm-none.win32_1.16.0.201807130628/tools/compiler/bin/../lib/gcc/arm-none-eabi/7.2.1/../../../../arm-none-eabi/lib/thumb/v7e-m/fpv4-sp/hard\libc.a(lib_a-mallocr.o)
                0x200008f0                __malloc_top_pad
 *(COMMON)
 COMMON         0x200008f4       0x14 src/main.o
                0x200008f4                counter
                0x200008f8                tabPinKeys
 COMMON         0x20000908        0x4 src/tm_stm32f4_delay.o
                0x20000908                mult
 COMMON         0x2000090c       0x21 c:/ac6/systemworkbench/plugins/fr.ac6.mcu.externaltools.arm-none.win32_1.16.0.201807130628/tools/compiler/bin/../lib/gcc/arm-none-eabi/7.2.1/../../../../arm-none-eabi/lib/thumb/v7e-m/fpv4-sp/hard\libc.a(lib_a-lock.o)
                0x2000090c                __lock___atexit_recursive_mutex
                0x20000910                __lock___arc4random_mutex
                0x20000914                __lock___env_recursive_mutex
                0x20000918                __lock___sinit_recursive_mutex
                0x2000091c                __lock___malloc_recursive_mutex
                0x20000920                __lock___at_quick_exit_mutex
                0x20000924                __lock___dd_hash_mutex
                0x20000928                __lock___tz_mutex
                0x2000092c                __lock___sfp_recursive_mutex
 *fill*         0x2000092d        0x3 
 COMMON         0x20000930        0x4 c:/ac6/systemworkbench/plugins/fr.ac6.mcu.externaltools.arm-none.win32_1.16.0.201807130628/tools/compiler/bin/../lib/gcc/arm-none-eabi/7.2.1/../../../../arm-none-eabi/lib/thumb/v7e-m/fpv4-sp/hard\libc.a(lib_a-reent.o)
                0x20000930                errno
                0x20000934                . = ALIGN (0x4)
                0x20000934                _ebss = .
                0x20000934                __bss_end__ = _ebss

._user_heap_stack
                0x20000934      0x404 load address 0x08003a64
                0x20000938                . = ALIGN (0x8)
 *fill*         0x20000934        0x4 
                0x20000938                PROVIDE (end, .)
                [!provide]                PROVIDE (_end, .)
                0x20000938                . = (. + _Min_Heap_Size)
                0x20000d38                . = (. + _Min_Stack_Size)
 *fill*         0x20000938      0x400 
                0x20000d38                . = ALIGN (0x8)

.memory_b1_text
 *(.mb1text)
 *(.mb1text*)
 *(.mb1rodata)
 *(.mb1rodata*)

/DISCARD/
 libc.a(*)
 libm.a(*)
 libgcc.a(*)

.ARM.attributes
                0x00000000       0x30
 *(.ARM.attributes)
 .ARM.attributes
                0x00000000       0x22 c:/ac6/systemworkbench/plugins/fr.ac6.mcu.externaltools.arm-none.win32_1.16.0.201807130628/tools/compiler/bin/../lib/gcc/arm-none-eabi/7.2.1/thumb/v7e-m/fpv4-sp/hard/crti.o
 .ARM.attributes
                0x00000022       0x34 c:/ac6/systemworkbench/plugins/fr.ac6.mcu.externaltools.arm-none.win32_1.16.0.201807130628/tools/compiler/bin/../lib/gcc/arm-none-eabi/7.2.1/thumb/v7e-m/fpv4-sp/hard/crtbegin.o
 .ARM.attributes
                0x00000056       0x39 StdPeriph_Driver/src/misc.o
 .ARM.attributes
                0x0000008f       0x39 StdPeriph_Driver/src/stm32f4xx_gpio.o
 .ARM.attributes
                0x000000c8       0x39 StdPeriph_Driver/src/stm32f4xx_rcc.o
 .ARM.attributes
                0x00000101       0x39 StdPeriph_Driver/src/stm32f4xx_tim.o
 .ARM.attributes
                0x0000013a       0x39 src/main.o
 .ARM.attributes
                0x00000173       0x39 src/syscalls.o
 .ARM.attributes
                0x000001ac       0x39 src/system_stm32f4xx.o
 .ARM.attributes
                0x000001e5       0x39 src/tm_stm32f4_delay.o
 .ARM.attributes
                0x0000021e       0x39 src/tm_stm32f4_gpio.o
 .ARM.attributes
                0x00000257       0x39 src/tm_stm32f4_hd44780.o
 .ARM.attributes
                0x00000290       0x21 startup/startup_stm32f4xx.o
 .ARM.attributes
                0x000002b1       0x34 c:/ac6/systemworkbench/plugins/fr.ac6.mcu.externaltools.arm-none.win32_1.16.0.201807130628/tools/compiler/bin/../lib/gcc/arm-none-eabi/7.2.1/../../../../arm-none-eabi/lib/thumb/v7e-m/fpv4-sp/hard\libc.a(lib_a-errno.o)
 .ARM.attributes
                0x000002e5       0x34 c:/ac6/systemworkbench/plugins/fr.ac6.mcu.externaltools.arm-none.win32_1.16.0.201807130628/tools/compiler/bin/../lib/gcc/arm-none-eabi/7.2.1/../../../../arm-none-eabi/lib/thumb/v7e-m/fpv4-sp/hard\libc.a(lib_a-impure.o)
 .ARM.attributes
                0x00000319       0x34 c:/ac6/systemworkbench/plugins/fr.ac6.mcu.externaltools.arm-none.win32_1.16.0.201807130628/tools/compiler/bin/../lib/gcc/arm-none-eabi/7.2.1/../../../../arm-none-eabi/lib/thumb/v7e-m/fpv4-sp/hard\libc.a(lib_a-init.o)
 .ARM.attributes
                0x0000034d       0x34 c:/ac6/systemworkbench/plugins/fr.ac6.mcu.externaltools.arm-none.win32_1.16.0.201807130628/tools/compiler/bin/../lib/gcc/arm-none-eabi/7.2.1/../../../../arm-none-eabi/lib/thumb/v7e-m/fpv4-sp/hard\libc.a(lib_a-malloc.o)
 .ARM.attributes
                0x00000381       0x34 c:/ac6/systemworkbench/plugins/fr.ac6.mcu.externaltools.arm-none.win32_1.16.0.201807130628/tools/compiler/bin/../lib/gcc/arm-none-eabi/7.2.1/../../../../arm-none-eabi/lib/thumb/v7e-m/fpv4-sp/hard\libc.a(lib_a-mallocr.o)
 .ARM.attributes
                0x000003b5       0x34 c:/ac6/systemworkbench/plugins/fr.ac6.mcu.externaltools.arm-none.win32_1.16.0.201807130628/tools/compiler/bin/../lib/gcc/arm-none-eabi/7.2.1/../../../../arm-none-eabi/lib/thumb/v7e-m/fpv4-sp/hard\libc.a(lib_a-mlock.o)
 .ARM.attributes
                0x000003e9       0x34 c:/ac6/systemworkbench/plugins/fr.ac6.mcu.externaltools.arm-none.win32_1.16.0.201807130628/tools/compiler/bin/../lib/gcc/arm-none-eabi/7.2.1/../../../../arm-none-eabi/lib/thumb/v7e-m/fpv4-sp/hard\libc.a(lib_a-sbrkr.o)
 .ARM.attributes
                0x0000041d       0x34 c:/ac6/systemworkbench/plugins/fr.ac6.mcu.externaltools.arm-none.win32_1.16.0.201807130628/tools/compiler/bin/../lib/gcc/arm-none-eabi/7.2.1/../../../../arm-none-eabi/lib/thumb/v7e-m/fpv4-sp/hard\libc.a(lib_a-__call_atexit.o)
 .ARM.attributes
                0x00000451       0x34 c:/ac6/systemworkbench/plugins/fr.ac6.mcu.externaltools.arm-none.win32_1.16.0.201807130628/tools/compiler/bin/../lib/gcc/arm-none-eabi/7.2.1/../../../../arm-none-eabi/lib/thumb/v7e-m/fpv4-sp/hard\libc.a(lib_a-atexit.o)
 .ARM.attributes
                0x00000485       0x34 c:/ac6/systemworkbench/plugins/fr.ac6.mcu.externaltools.arm-none.win32_1.16.0.201807130628/tools/compiler/bin/../lib/gcc/arm-none-eabi/7.2.1/../../../../arm-none-eabi/lib/thumb/v7e-m/fpv4-sp/hard\libc.a(lib_a-fini.o)
 .ARM.attributes
                0x000004b9       0x34 c:/ac6/systemworkbench/plugins/fr.ac6.mcu.externaltools.arm-none.win32_1.16.0.201807130628/tools/compiler/bin/../lib/gcc/arm-none-eabi/7.2.1/../../../../arm-none-eabi/lib/thumb/v7e-m/fpv4-sp/hard\libc.a(lib_a-freer.o)
 .ARM.attributes
                0x000004ed       0x34 c:/ac6/systemworkbench/plugins/fr.ac6.mcu.externaltools.arm-none.win32_1.16.0.201807130628/tools/compiler/bin/../lib/gcc/arm-none-eabi/7.2.1/../../../../arm-none-eabi/lib/thumb/v7e-m/fpv4-sp/hard\libc.a(lib_a-lock.o)
 .ARM.attributes
                0x00000521       0x34 c:/ac6/systemworkbench/plugins/fr.ac6.mcu.externaltools.arm-none.win32_1.16.0.201807130628/tools/compiler/bin/../lib/gcc/arm-none-eabi/7.2.1/../../../../arm-none-eabi/lib/thumb/v7e-m/fpv4-sp/hard\libc.a(lib_a-reent.o)
 .ARM.attributes
                0x00000555       0x34 c:/ac6/systemworkbench/plugins/fr.ac6.mcu.externaltools.arm-none.win32_1.16.0.201807130628/tools/compiler/bin/../lib/gcc/arm-none-eabi/7.2.1/../../../../arm-none-eabi/lib/thumb/v7e-m/fpv4-sp/hard\libc.a(lib_a-__atexit.o)
 .ARM.attributes
                0x00000589       0x22 c:/ac6/systemworkbench/plugins/fr.ac6.mcu.externaltools.arm-none.win32_1.16.0.201807130628/tools/compiler/bin/../lib/gcc/arm-none-eabi/7.2.1/thumb/v7e-m/fpv4-sp/hard/crtn.o
OUTPUT(TestJedrk2.elf elf32-littlearm)

.debug_info     0x00000000     0x89a3
 .debug_info    0x00000000      0x54b StdPeriph_Driver/src/misc.o
 .debug_info    0x0000054b      0x628 StdPeriph_Driver/src/stm32f4xx_gpio.o
 .debug_info    0x00000b73      0xc72 StdPeriph_Driver/src/stm32f4xx_rcc.o
 .debug_info    0x000017e5     0x1c73 StdPeriph_Driver/src/stm32f4xx_tim.o
 .debug_info    0x00003458     0x1827 src/main.o
 .debug_info    0x00004c7f      0xf2e src/syscalls.o
 .debug_info    0x00005bad      0x5ce src/system_stm32f4xx.o
 .debug_info    0x0000617b     0x124b src/tm_stm32f4_delay.o
 .debug_info    0x000073c6      0x849 src/tm_stm32f4_gpio.o
 .debug_info    0x00007c0f      0xd72 src/tm_stm32f4_hd44780.o
 .debug_info    0x00008981       0x22 startup/startup_stm32f4xx.o

.debug_abbrev   0x00000000     0x1602
 .debug_abbrev  0x00000000      0x177 StdPeriph_Driver/src/misc.o
 .debug_abbrev  0x00000177      0x1bf StdPeriph_Driver/src/stm32f4xx_gpio.o
 .debug_abbrev  0x00000336      0x1fd StdPeriph_Driver/src/stm32f4xx_rcc.o
 .debug_abbrev  0x00000533      0x19f StdPeriph_Driver/src/stm32f4xx_tim.o
 .debug_abbrev  0x000006d2      0x3a5 src/main.o
 .debug_abbrev  0x00000a77      0x2aa src/syscalls.o
 .debug_abbrev  0x00000d21      0x15d src/system_stm32f4xx.o
 .debug_abbrev  0x00000e7e      0x37d src/tm_stm32f4_delay.o
 .debug_abbrev  0x000011fb      0x181 src/tm_stm32f4_gpio.o
 .debug_abbrev  0x0000137c      0x274 src/tm_stm32f4_hd44780.o
 .debug_abbrev  0x000015f0       0x12 startup/startup_stm32f4xx.o

.debug_aranges  0x00000000      0x8c0
 .debug_aranges
                0x00000000       0x40 StdPeriph_Driver/src/misc.o
 .debug_aranges
                0x00000040       0x88 StdPeriph_Driver/src/stm32f4xx_gpio.o
 .debug_aranges
                0x000000c8      0x178 StdPeriph_Driver/src/stm32f4xx_rcc.o
 .debug_aranges
                0x00000240      0x2f8 StdPeriph_Driver/src/stm32f4xx_tim.o
 .debug_aranges
                0x00000538       0xb8 src/main.o
 .debug_aranges
                0x000005f0       0xb0 src/syscalls.o
 .debug_aranges
                0x000006a0       0x30 src/system_stm32f4xx.o
 .debug_aranges
                0x000006d0       0x80 src/tm_stm32f4_delay.o
 .debug_aranges
                0x00000750       0x98 src/tm_stm32f4_gpio.o
 .debug_aranges
                0x000007e8       0xb0 src/tm_stm32f4_hd44780.o
 .debug_aranges
                0x00000898       0x28 startup/startup_stm32f4xx.o

.debug_ranges   0x00000000      0x818
 .debug_ranges  0x00000000       0x30 StdPeriph_Driver/src/misc.o
 .debug_ranges  0x00000030       0x78 StdPeriph_Driver/src/stm32f4xx_gpio.o
 .debug_ranges  0x000000a8      0x168 StdPeriph_Driver/src/stm32f4xx_rcc.o
 .debug_ranges  0x00000210      0x2e8 StdPeriph_Driver/src/stm32f4xx_tim.o
 .debug_ranges  0x000004f8       0xa8 src/main.o
 .debug_ranges  0x000005a0       0xa0 src/syscalls.o
 .debug_ranges  0x00000640       0x20 src/system_stm32f4xx.o
 .debug_ranges  0x00000660       0x70 src/tm_stm32f4_delay.o
 .debug_ranges  0x000006d0       0x88 src/tm_stm32f4_gpio.o
 .debug_ranges  0x00000758       0xa0 src/tm_stm32f4_hd44780.o
 .debug_ranges  0x000007f8       0x20 startup/startup_stm32f4xx.o

.debug_macro    0x00000000    0x11006
 .debug_macro   0x00000000      0x1c5 StdPeriph_Driver/src/misc.o
 .debug_macro   0x000001c5      0xa78 StdPeriph_Driver/src/misc.o
 .debug_macro   0x00000c3d       0x63 StdPeriph_Driver/src/misc.o
 .debug_macro   0x00000ca0       0x35 StdPeriph_Driver/src/misc.o
 .debug_macro   0x00000cd5       0x22 StdPeriph_Driver/src/misc.o
 .debug_macro   0x00000cf7       0x87 StdPeriph_Driver/src/misc.o
 .debug_macro   0x00000d7e       0x51 StdPeriph_Driver/src/misc.o
 .debug_macro   0x00000dcf       0xef StdPeriph_Driver/src/misc.o
 .debug_macro   0x00000ebe       0x6a StdPeriph_Driver/src/misc.o
 .debug_macro   0x00000f28      0x1df StdPeriph_Driver/src/misc.o
 .debug_macro   0x00001107       0x18 StdPeriph_Driver/src/misc.o
 .debug_macro   0x0000111f       0x42 StdPeriph_Driver/src/misc.o
 .debug_macro   0x00001161      0x8cb StdPeriph_Driver/src/misc.o
 .debug_macro   0x00001a2c     0x8057 StdPeriph_Driver/src/misc.o
 .debug_macro   0x00009a83       0x16 StdPeriph_Driver/src/misc.o
 .debug_macro   0x00009a99      0x44e StdPeriph_Driver/src/misc.o
 .debug_macro   0x00009ee7      0x3cf StdPeriph_Driver/src/misc.o
 .debug_macro   0x0000a2b6      0x111 StdPeriph_Driver/src/misc.o
 .debug_macro   0x0000a3c7      0x182 StdPeriph_Driver/src/misc.o
 .debug_macro   0x0000a549       0xb2 StdPeriph_Driver/src/misc.o
 .debug_macro   0x0000a5fb      0x146 StdPeriph_Driver/src/misc.o
 .debug_macro   0x0000a741      0x477 StdPeriph_Driver/src/misc.o
 .debug_macro   0x0000abb8       0xac StdPeriph_Driver/src/misc.o
 .debug_macro   0x0000ac64      0x241 StdPeriph_Driver/src/misc.o
 .debug_macro   0x0000aea5      0x279 StdPeriph_Driver/src/misc.o
 .debug_macro   0x0000b11e       0xb5 StdPeriph_Driver/src/misc.o
 .debug_macro   0x0000b1d3      0x265 StdPeriph_Driver/src/misc.o
 .debug_macro   0x0000b438      0x2b1 StdPeriph_Driver/src/misc.o
 .debug_macro   0x0000b6e9       0x64 StdPeriph_Driver/src/misc.o
 .debug_macro   0x0000b74d       0xa6 StdPeriph_Driver/src/misc.o
 .debug_macro   0x0000b7f3      0x538 StdPeriph_Driver/src/misc.o
 .debug_macro   0x0000bd2b       0x40 StdPeriph_Driver/src/misc.o
 .debug_macro   0x0000bd6b      0x57a StdPeriph_Driver/src/misc.o
 .debug_macro   0x0000c2e5      0x341 StdPeriph_Driver/src/misc.o
 .debug_macro   0x0000c626      0x36a StdPeriph_Driver/src/misc.o
 .debug_macro   0x0000c990       0xdf StdPeriph_Driver/src/misc.o
 .debug_macro   0x0000ca6f      0x73b StdPeriph_Driver/src/misc.o
 .debug_macro   0x0000d1aa      0x220 StdPeriph_Driver/src/misc.o
 .debug_macro   0x0000d3ca       0x34 StdPeriph_Driver/src/misc.o
 .debug_macro   0x0000d3fe       0x35 StdPeriph_Driver/src/misc.o
 .debug_macro   0x0000d433       0x79 StdPeriph_Driver/src/misc.o
 .debug_macro   0x0000d4ac      0x1c3 StdPeriph_Driver/src/stm32f4xx_gpio.o
 .debug_macro   0x0000d66f      0x25f StdPeriph_Driver/src/stm32f4xx_gpio.o
 .debug_macro   0x0000d8ce      0x267 StdPeriph_Driver/src/stm32f4xx_rcc.o
 .debug_macro   0x0000db35      0x532 StdPeriph_Driver/src/stm32f4xx_rcc.o
 .debug_macro   0x0000e067      0x1ed StdPeriph_Driver/src/stm32f4xx_tim.o
 .debug_macro   0x0000e254      0x735 StdPeriph_Driver/src/stm32f4xx_tim.o
 .debug_macro   0x0000e989      0x2c7 src/main.o
 .debug_macro   0x0000ec50       0x16 src/main.o
 .debug_macro   0x0000ec66       0x17 src/main.o
 .debug_macro   0x0000ec7d       0x58 src/main.o
 .debug_macro   0x0000ecd5       0x35 src/main.o
 .debug_macro   0x0000ed0a       0x9c src/main.o
 .debug_macro   0x0000eda6       0x16 src/main.o
 .debug_macro   0x0000edbc      0x10e src/main.o
 .debug_macro   0x0000eeca       0x8d src/main.o
 .debug_macro   0x0000ef57       0x58 src/main.o
 .debug_macro   0x0000efaf       0x1f src/main.o
 .debug_macro   0x0000efce       0x43 src/main.o
 .debug_macro   0x0000f011       0x20 src/main.o
 .debug_macro   0x0000f031      0x18e src/main.o
 .debug_macro   0x0000f1bf      0x330 src/main.o
 .debug_macro   0x0000f4ef       0x16 src/main.o
 .debug_macro   0x0000f505       0x29 src/main.o
 .debug_macro   0x0000f52e       0x35 src/main.o
 .debug_macro   0x0000f563       0xaf src/main.o
 .debug_macro   0x0000f612       0x58 src/main.o
 .debug_macro   0x0000f66a      0x243 src/syscalls.o
 .debug_macro   0x0000f8ad       0x52 src/syscalls.o
 .debug_macro   0x0000f8ff       0x8d src/syscalls.o
 .debug_macro   0x0000f98c       0x57 src/syscalls.o
 .debug_macro   0x0000f9e3      0x174 src/syscalls.o
 .debug_macro   0x0000fb57       0x10 src/syscalls.o
 .debug_macro   0x0000fb67       0x35 src/syscalls.o
 .debug_macro   0x0000fb9c       0x10 src/syscalls.o
 .debug_macro   0x0000fbac       0x10 src/syscalls.o
 .debug_macro   0x0000fbbc       0x10 src/syscalls.o
 .debug_macro   0x0000fbcc       0x1c src/syscalls.o
 .debug_macro   0x0000fbe8       0x52 src/syscalls.o
 .debug_macro   0x0000fc3a       0x40 src/syscalls.o
 .debug_macro   0x0000fc7a       0x10 src/syscalls.o
 .debug_macro   0x0000fc8a       0x40 src/syscalls.o
 .debug_macro   0x0000fcca       0xd7 src/syscalls.o
 .debug_macro   0x0000fda1       0x1c src/syscalls.o
 .debug_macro   0x0000fdbd       0x3d src/syscalls.o
 .debug_macro   0x0000fdfa       0x35 src/syscalls.o
 .debug_macro   0x0000fe2f      0x122 src/syscalls.o
 .debug_macro   0x0000ff51       0x10 src/syscalls.o
 .debug_macro   0x0000ff61      0x241 src/syscalls.o
 .debug_macro   0x000101a2       0x1c src/syscalls.o
 .debug_macro   0x000101be       0x10 src/syscalls.o
 .debug_macro   0x000101ce       0x10 src/syscalls.o
 .debug_macro   0x000101de       0x16 src/syscalls.o
 .debug_macro   0x000101f4      0x16f src/syscalls.o
 .debug_macro   0x00010363      0x189 src/syscalls.o
 .debug_macro   0x000104ec       0x16 src/syscalls.o
 .debug_macro   0x00010502       0x88 src/syscalls.o
 .debug_macro   0x0001058a      0x1e6 src/system_stm32f4xx.o
 .debug_macro   0x00010770      0x2a4 src/tm_stm32f4_delay.o
 .debug_macro   0x00010a14      0x1d2 src/tm_stm32f4_gpio.o
 .debug_macro   0x00010be6       0xa9 src/tm_stm32f4_gpio.o
 .debug_macro   0x00010c8f      0x377 src/tm_stm32f4_hd44780.o

.debug_line     0x00000000     0x5818
 .debug_line    0x00000000      0x643 StdPeriph_Driver/src/misc.o
 .debug_line    0x00000643      0x759 StdPeriph_Driver/src/stm32f4xx_gpio.o
 .debug_line    0x00000d9c      0x99f StdPeriph_Driver/src/stm32f4xx_rcc.o
 .debug_line    0x0000173b      0xebb StdPeriph_Driver/src/stm32f4xx_tim.o
 .debug_line    0x000025f6      0xc2a src/main.o
 .debug_line    0x00003220      0x5df src/syscalls.o
 .debug_line    0x000037ff      0x65b src/system_stm32f4xx.o
 .debug_line    0x00003e5a      0x857 src/tm_stm32f4_delay.o
 .debug_line    0x000046b1      0x7e3 src/tm_stm32f4_gpio.o
 .debug_line    0x00004e94      0x909 src/tm_stm32f4_hd44780.o
 .debug_line    0x0000579d       0x7b startup/startup_stm32f4xx.o

.debug_str      0x00000000    0x5ed94
 .debug_str     0x00000000    0x566f4 StdPeriph_Driver/src/misc.o
                              0x56896 (size before relaxing)
 .debug_str     0x000566f4      0x288 StdPeriph_Driver/src/stm32f4xx_gpio.o
                              0x56941 (size before relaxing)
 .debug_str     0x0005697c      0xb03 StdPeriph_Driver/src/stm32f4xx_rcc.o
                              0x571c2 (size before relaxing)
 .debug_str     0x0005747f      0xc2f StdPeriph_Driver/src/stm32f4xx_tim.o
                              0x57335 (size before relaxing)
 .debug_str     0x000580ae     0x3df1 src/main.o
                              0x5a91d (size before relaxing)
 .debug_str     0x0005be9f     0x237e src/syscalls.o
                               0x86f6 (size before relaxing)
 .debug_str     0x0005e21d       0xd7 src/system_stm32f4xx.o
                              0x5687c (size before relaxing)
 .debug_str     0x0005e2f4      0x1fb src/tm_stm32f4_delay.o
                              0x5a025 (size before relaxing)
 .debug_str     0x0005e4ef      0x29f src/tm_stm32f4_gpio.o
                              0x56ee6 (size before relaxing)
 .debug_str     0x0005e78e      0x5d8 src/tm_stm32f4_hd44780.o
                              0x5a4f0 (size before relaxing)
 .debug_str     0x0005ed66       0x2e startup/startup_stm32f4xx.o
                                 0x58 (size before relaxing)

.comment        0x00000000       0x7e
 .comment       0x00000000       0x7e StdPeriph_Driver/src/misc.o
                                 0x7f (size before relaxing)
 .comment       0x0000007e       0x7f StdPeriph_Driver/src/stm32f4xx_gpio.o
 .comment       0x0000007e       0x7f StdPeriph_Driver/src/stm32f4xx_rcc.o
 .comment       0x0000007e       0x7f StdPeriph_Driver/src/stm32f4xx_tim.o
 .comment       0x0000007e       0x7f src/main.o
 .comment       0x0000007e       0x7f src/syscalls.o
 .comment       0x0000007e       0x7f src/system_stm32f4xx.o
 .comment       0x0000007e       0x7f src/tm_stm32f4_delay.o
 .comment       0x0000007e       0x7f src/tm_stm32f4_gpio.o
 .comment       0x0000007e       0x7f src/tm_stm32f4_hd44780.o

.debug_frame    0x00000000     0x28e8
 .debug_frame   0x00000000       0xd8 StdPeriph_Driver/src/misc.o
 .debug_frame   0x000000d8      0x23c StdPeriph_Driver/src/stm32f4xx_gpio.o
 .debug_frame   0x00000314      0x6d4 StdPeriph_Driver/src/stm32f4xx_rcc.o
 .debug_frame   0x000009e8      0xe54 StdPeriph_Driver/src/stm32f4xx_tim.o
 .debug_frame   0x0000183c      0x2e0 src/main.o
 .debug_frame   0x00001b1c      0x2d0 src/syscalls.o
 .debug_frame   0x00001dec       0x7c src/system_stm32f4xx.o
 .debug_frame   0x00001e68      0x1ec src/tm_stm32f4_delay.o
 .debug_frame   0x00002054      0x274 src/tm_stm32f4_gpio.o
 .debug_frame   0x000022c8      0x278 src/tm_stm32f4_hd44780.o
 .debug_frame   0x00002540       0x20 c:/ac6/systemworkbench/plugins/fr.ac6.mcu.externaltools.arm-none.win32_1.16.0.201807130628/tools/compiler/bin/../lib/gcc/arm-none-eabi/7.2.1/../../../../arm-none-eabi/lib/thumb/v7e-m/fpv4-sp/hard\libc.a(lib_a-errno.o)
 .debug_frame   0x00002560       0x2c c:/ac6/systemworkbench/plugins/fr.ac6.mcu.externaltools.arm-none.win32_1.16.0.201807130628/tools/compiler/bin/../lib/gcc/arm-none-eabi/7.2.1/../../../../arm-none-eabi/lib/thumb/v7e-m/fpv4-sp/hard\libc.a(lib_a-init.o)
 .debug_frame   0x0000258c       0x30 c:/ac6/systemworkbench/plugins/fr.ac6.mcu.externaltools.arm-none.win32_1.16.0.201807130628/tools/compiler/bin/../lib/gcc/arm-none-eabi/7.2.1/../../../../arm-none-eabi/lib/thumb/v7e-m/fpv4-sp/hard\libc.a(lib_a-malloc.o)
 .debug_frame   0x000025bc       0x54 c:/ac6/systemworkbench/plugins/fr.ac6.mcu.externaltools.arm-none.win32_1.16.0.201807130628/tools/compiler/bin/../lib/gcc/arm-none-eabi/7.2.1/../../../../arm-none-eabi/lib/thumb/v7e-m/fpv4-sp/hard\libc.a(lib_a-mallocr.o)
 .debug_frame   0x00002610       0x30 c:/ac6/systemworkbench/plugins/fr.ac6.mcu.externaltools.arm-none.win32_1.16.0.201807130628/tools/compiler/bin/../lib/gcc/arm-none-eabi/7.2.1/../../../../arm-none-eabi/lib/thumb/v7e-m/fpv4-sp/hard\libc.a(lib_a-mlock.o)
 .debug_frame   0x00002640       0x2c c:/ac6/systemworkbench/plugins/fr.ac6.mcu.externaltools.arm-none.win32_1.16.0.201807130628/tools/compiler/bin/../lib/gcc/arm-none-eabi/7.2.1/../../../../arm-none-eabi/lib/thumb/v7e-m/fpv4-sp/hard\libc.a(lib_a-sbrkr.o)
 .debug_frame   0x0000266c       0x5c c:/ac6/systemworkbench/plugins/fr.ac6.mcu.externaltools.arm-none.win32_1.16.0.201807130628/tools/compiler/bin/../lib/gcc/arm-none-eabi/7.2.1/../../../../arm-none-eabi/lib/thumb/v7e-m/fpv4-sp/hard\libc.a(lib_a-__call_atexit.o)
 .debug_frame   0x000026c8       0x20 c:/ac6/systemworkbench/plugins/fr.ac6.mcu.externaltools.arm-none.win32_1.16.0.201807130628/tools/compiler/bin/../lib/gcc/arm-none-eabi/7.2.1/../../../../arm-none-eabi/lib/thumb/v7e-m/fpv4-sp/hard\libc.a(lib_a-atexit.o)
 .debug_frame   0x000026e8       0x34 c:/ac6/systemworkbench/plugins/fr.ac6.mcu.externaltools.arm-none.win32_1.16.0.201807130628/tools/compiler/bin/../lib/gcc/arm-none-eabi/7.2.1/../../../../arm-none-eabi/lib/thumb/v7e-m/fpv4-sp/hard\libc.a(lib_a-fini.o)
 .debug_frame   0x0000271c       0x80 c:/ac6/systemworkbench/plugins/fr.ac6.mcu.externaltools.arm-none.win32_1.16.0.201807130628/tools/compiler/bin/../lib/gcc/arm-none-eabi/7.2.1/../../../../arm-none-eabi/lib/thumb/v7e-m/fpv4-sp/hard\libc.a(lib_a-freer.o)
 .debug_frame   0x0000279c       0xb0 c:/ac6/systemworkbench/plugins/fr.ac6.mcu.externaltools.arm-none.win32_1.16.0.201807130628/tools/compiler/bin/../lib/gcc/arm-none-eabi/7.2.1/../../../../arm-none-eabi/lib/thumb/v7e-m/fpv4-sp/hard\libc.a(lib_a-lock.o)
 .debug_frame   0x0000284c       0x68 c:/ac6/systemworkbench/plugins/fr.ac6.mcu.externaltools.arm-none.win32_1.16.0.201807130628/tools/compiler/bin/../lib/gcc/arm-none-eabi/7.2.1/../../../../arm-none-eabi/lib/thumb/v7e-m/fpv4-sp/hard\libc.a(lib_a-reent.o)
 .debug_frame   0x000028b4       0x34 c:/ac6/systemworkbench/plugins/fr.ac6.mcu.externaltools.arm-none.win32_1.16.0.201807130628/tools/compiler/bin/../lib/gcc/arm-none-eabi/7.2.1/../../../../arm-none-eabi/lib/thumb/v7e-m/fpv4-sp/hard\libc.a(lib_a-__atexit.o)
